// Jest Snapshot v1, https://goo.gl/fbAQLP

exports[`App component renders App 1`] = `
<DocumentFragment>
  <h1>
    HEY ARNOLD
  </h1>
  <a
    href="/"
  >
    <span>
      Home
    </span>
  </a>
  <button
    disabled=""
  >
    Previous Page
  </button>
  <button>
    Next Page
  </button>
  <ul
    data-testid="character"
  />
</DocumentFragment>
`;
